[0;32mI (213) cpu_start: Pï¿½ets Jul 29 2019 12:21:46

rst:0x1 (POWERON_RESET),boot:0x17 (SPI_FAST_FLASH_BOOT)
configsip: 0, SPIWP:0xee
clk_drv:0x00,q_drv:0x00,d_drv:0x00,cs0_drv:0x00,hd_drv:0x00,wp_drv:0x00
mode:DIO, clock div:2
load:0x3fff0030,len:7128
load:0x40078000,len:15672
load:0x40080400,len:4
load:0x40080404,len:3876
entry 0x4008064c
[0;32mI (29) boot: ESP-IDF v5.1.5-634-g39fe10677c 2nd stage bootloader[0m
[0;32mI (29) boot: compile time Feb 15 2025 21:20:49[0m
[0;32mI (31) boot: Multicore bootloader[0m
[0;32mI (35) boot: chip revision: v3.1[0m
[0;32mI (39) boot.esp32: SPI Speed      : 40MHz[0m
[0;32mI (43) boot.esp32: SPI Mode       : DIO[0m
[0;32mI (48) boot.esp32: SPI Flash Size : 2MB[0m
[0;32mI (52) boot: Enabling RNG early entropy source...[0m
[0;32mI (58) boot: Partition Table:[0m
[0;32mI (61) boot: ## Label            Usage          Type ST Offset   Length[0m
[0;32mI (69) boot:  0 nvs              WiFi data        01 02 00009000 00006000[0m
[0;32mI (76) boot:  1 phy_init         RF data          01 01 0000f000 00001000[0m
[0;32mI (84) boot:  2 factory          factory app      00 00 00010000 00100000[0m
[0;32mI (91) boot: End of partition table[0m
[0;32mI (95) esp_image: segment 0: paddr=00010020 vaddr=3f400020 size=09b94h ( 39828) map[0m
[0;32mI (118) esp_image: segment 1: paddr=00019bbc vaddr=3ffb0000 size=02200h (  8704) load[0m
[0;32mI (122) esp_image: segment 2: paddr=0001bdc4 vaddr=40080000 size=04254h ( 16980) load[0m
[0;32mI (131) esp_image: segment 3: paddr=00020020 vaddr=400d0020 size=15124h ( 86308) map[0m
[0;32mI (164) esp_image: segment 4: paddr=0003514c vaddr=40084254 size=07d30h ( 32048) load[0m
[0;32mI (183) boot: Loaded app from partition at offset 0x10000[0m
[0;32mI (183) boot: Disabling RNG early entropy source...[0m
[0;32mI (195) cpu_start: Multicore app[0m
[0;32mI (196) cpu_start: Pro cpu up.[0m
[0;32mI (196) cpu_start: Starting app cpu, entry point is 0x4008110c[0m
[0;32mI (0) cpu_start: App cpu up.[0m
[0;32mI (213) cpu_start: Pro cpu start user code[0m
[0;32mI (213) cpu_start: cpu freq: 160000000 Hz[0m
[0;32mI (213) cpu_start: Application information:[0m
[0;32mI (218) cpu_start: Project name:     servo_sweep[0m
[0;32mI (223) cpu_start: App version:      f8c141c-dirty[0m
[0;32mI (229) cpu_start: Compile time:     Feb 15 2025 21:20:32[0m
[0;32mI (235) cpu_start: ELF file SHA256:  7285cbceae81be14...[0m
[0;32mI (241) cpu_start: ESP-IDF:          v5.1.5-634-g39fe10677c[0m
[0;32mI (247) cpu_start: Min chip rev:     v0.0[0m
[0;32mI (252) cpu_start: Max chip rev:     v3.99 [0m
[0;32mI (257) cpu_start: Chip rev:         v3.1[0m
[0;32mI (262) heap_init: Initializing. RAM available for dynamic allocation:[0m
[0;32mI (269) heap_init: At 3FFAE6E0 len 00001920 (6 KiB): DRAM[0m
[0;32mI (275) heap_init: At 3FFB2A98 len 0002D568 (181 KiB): DRAM[0m
[0;32mI (281) heap_init: At 3FFE0440 len 00003AE0 (14 KiB): D/IRAM[0m
[0;32mI (287) heap_init: At 3FFE4350 len 0001BCB0 (111 KiB): D/IRAM[0m
[0;32mI (294) heap_init: At 4008BF84 len 0001407C (80 KiB): IRAM[0m
[0;32mI (301) spi_flash: detected chip: generic[0m
[0;32mI (304) spi_flash: flash io: dio[0m
[0;33mW (308) spi_flash: Detected size(4096k) larger than the size in the binary image header(2048k). Using the size in the binary image header.[0m
[0;33mW (322) mcpwm(legacy): legacy driver is deprecated, please migrate to `driver/mcpwm_prelude.h`[0m
[0;32mI (331) app_start: Starting scheduler on CPU0[0m
[0;32mI (336) app_start: Starting scheduler on CPU1[0m
[0;32mI (336) main_task: Started on CPU0[0m
[0;32mI (346) main_task: Calling app_main()[0m
[0;32mI (346) main_task: Returned from app_main()[0m
[0;32mI (346) servo: enabled servos[0m
[0;32mI (356) servo: set servo at pin 18: 0d[0m
[0;32mI (3356) servo: set servo at pin 18: 17d[0m
[0;32mI (6356) servo: set servo at pin 18: 34d[0m
[0;32mI (9356) servo: set servo at pin 18: 51d[0m
[0;32mI (12356) servo: set servo at pin 18: 68d[0m
[0;32mI (15356) servo: set servo at pin 18: 86d[0m
[0;32mI (18356) servo: set servo at pin 18: 103d[0m
[0;32mI (21356) servo: set servo at pin 18: 120d[0m
ï¿½ets Jul 29 2019 12:21:46

rst:0x3 (SW_RESET),boot:0x17 (SPI_FAST_FLASH_BOOT)
configsip: 0, SPIWP:0xee
clk_drv:0x00,q_drv:0x00,d_drv:0x00,cs0_drv:0x00,hd_drv:0x00,wp_drv:0x00
mode:DIO, clock div:2
load:0x3fff0030,len:7128
load:0x40078000,len:15672
load:0x40080400,len:4
load:0x40080404,len:3876
entry 0x4008064c
[0;32mI (57) boot: ESP-IDF v5.1.5-634-g39fe10677c 2nd stage bootloader[0m
[0;32mI (57) boot: compile time Feb 15 2025 21:20:49[0m
[0;32mI (59) boot: Multicore bootloader[0m
[0;32mI (63) boot: chip revision: v3.1[0m
[0;32mI (67) boot.esp32: SPI Speed      : 40MHz[0m
[0;32mI (71) boot.esp32: SPI Mode       : DIO[0m
[0;32mI (76) boot.esp32: SPI Flash Size : 2MB[0m
[0;32mI (80) boot: Enabling RNG early entropy source...[0m
[0;32mI (86) boot: Partition Table:[0m
[0;32mI (89) boot: ## Label            Usage          Type ST Offset   Length[0m
[0;32mI (97) boot:  0 nvs              WiFi data        01 02 00009000 00006000[0m
[0;32mI (104) boot:  1 phy_init         RF data          01 01 0000f000 00001000[0m
[0;32mI (112) boot:  2 factory          factory app      00 00 00010000 00100000[0m
[0;32mI (119) boot: End of partition table[0m
[0;32mI (124) esp_image: segment 0: paddr=00010020 vaddr=3f400020 size=09b94h ( 39828) map[0m
[0;32mI (147) esp_image: segment 1: paddr=00019bbc vaddr=3ffb0000 size=02200h (  8704) load[0m
[0;32mI (150) esp_image: segment 2: paddr=0001bdc4 vaddr=40080000 size=04254h ( 16980) load[0m
[0;32mI (159) esp_image: segment 3: paddr=00020020 vaddr=400d0020 size=15124h ( 86308) map[0m
[0;32mI (192) esp_image: segment 4: paddr=0003514c vaddr=40084254 size=07d30h ( 32048) load[0m
[0;32mI (212) boot: Loaded app from partition at offset 0x10000[0m
[0;32mI (212) boot: Disabling RNG early entropy source...[0m
[0;32mI (223) cpu_start: Multicore app[0m
[0;32mI (224) cpu_start: Pro cpu up.[0m
[0;32mI (224) cpu_start: Starting app cpu, entry point is 0x4008110c[0m
[0;32mI (0) cpu_start: App cpu up.[0m
[0;32mI (242) cpu_start: Pro cpu start user code[0m
[0;32mI (242) cpu_start: cpu freq: 160000000 Hz[0m
[0;32mI (242) cpu_start: Application information:[0m
[0;32mI (246) cpu_start: Project name:     servo_sweep[0m
[0;32mI (252) cpu_start: App version:      f8c141c-dirty[0m
[0;32mI (257) cpu_start: Compile time:     Feb 15 2025 21:20:32[0m
[0;32mI (263) cpu_start: ELF file SHA256:  7285cbceae81be14...[0m
[0;32mI (269) cpu_start: ESP-IDF:          v5.1.5-634-g39fe10677c[0m
[0;32mI (275) cpu_start: Min chip rev:     v0.0[0m
[0;32mI (280) cpu_start: Max chip rev:     v3.99 [0m
[0;32mI (285) cpu_start: Chip rev:         v3.1[0m
[0;32mI (290) heap_init: Initializing. RAM available for dynamic allocation:[0m
[0;32mI (297) heap_init: At 3FFAE6E0 len 00001920 (6 KiB): DRAM[0m
[0;32mI (303) heap_init: At 3FFB2A98 len 0002D568 (181 KiB): DRAM[0m
[0;32mI (309) heap_init: At 3FFE0440 len 00003AE0 (14 KiB): D/IRAM[0m
[0;32mI (316) heap_init: At 3FFE4350 len 0001BCB0 (111 KiB): D/IRAM[0m
[0;32mI (322) heap_init: At 4008BF84 len 0001407C (80 KiB): IRAM[0m
[0;32mI (330) spi_flash: detected chip: generic[0m
[0;32mI (333) spi_flash: flash io: dio[0m
[0;33mW (337) spi_flash: Detected size(4096k) larger than the size in the binary image header(2048k). Using the size in the binary image header.[0m
[0;33mW (350) mcpwm(legacy): legacy driver is deprecated, please migrate to `driver/mcpwm_prelude.h`[0m
[0;32mI (360) app_start: Starting scheduler on CPU0[0m
[0;32mI (364) app_start: Starting scheduler on CPU1[0m
[0;32mI (364) main_task: Started on CPU0[0m
[0;32mI (374) main_task: Calling app_main()[0m
[0;32mI (374) main_task: Returned from app_main()[0m
[0;32mI (374) servo: enabled servos[0m
[0;32mI (384) servo: set servo at pin 18: 0d[0m
[0;32mI (3384) servo: set servo at pin 18: 17d[0m
[0;32mI (6384) servo: set servo at pin 18: 34d[0m
[0;32mI (9384) servo: set servo at pin 18: 51d[0m
[0;32mI (12384) servo: set servo at pin 18: 68d[0m
ï¿½ets Jul 29 2019 12:21:46

rst:0x3 (SW_RESET),boot:0x17 (SPI_FAST_FLASH_BOOT)
configsip: 0, SPIWP:0xee
clk_drv:0x00,q_drv:0x00,d_drv:0x00,cs0_drv:0x00,hd_drv:0x00,wp_drv:0x00
mode:DIO, clock div:2
load:0x3fff0030,len:7128
load:0x40078000,len:15672
load:0x40080400,len:4
load:0x40080404,len:3876
entry 0x4008064c
[0;32mI (57) boot: ESP-IDF v5.1.5-634-g39fe10677c 2nd stage bootloader[0m
[0;32mI (57) boot: compile time Feb 15 2025 21:20:49[0m
[0;32mI (59) boot: Multicore bootloader[0m
[0;32mI (63) boot: chip revision: v3.1[0m
[0;32mI (67) boot.esp32: SPI Speed      : 40MHz[0m
[0;32mI (71) boot.esp32: SPI Mode       : DIO[0m
[0;32mI (76) boot.esp32: SPI Flash Size : 2MB[0m
[0;32mI (80) boot: Enabling RNG early entropy source...[0m
[0;32mI (86) boot: Partition Table:[0m
[0;32mI (89) boot: ## Label            Usage          Type ST Offset   Length[0m
[0;32mI (97) boot:  0 nvs              WiFi data        01 02 00009000 00006000[0m
[0;32mI (104) boot:  1 phy_init         RF data          01 01 0000f000 00001000[0m
[0;32mI (112) boot:  2 factory          factory app      00 00 00010000 00100000[0m
[0;32mI (119) boot: End of partition table[0m
[0;32mI (124) esp_image: segment 0: paddr=00010020 vaddr=3f400020 size=09b94h ( 39828) map[0m
[0;32mI (147) esp_image: segment 1: paddr=00019bbc vaddr=3ffb0000 size=02200h (  8704) load[0m
[0;32mI (150) esp_image: segment 2: paddr=0001bdc4 vaddr=40080000 size=04254h ( 16980) load[0m
[0;32mI (159) esp_image: segment 3: paddr=00020020 vaddr=400d0020 size=15124h ( 86308) map[0m
[0;32mI (192) esp_image: segment 4: paddr=0003514c vaddr=40084254 size=07d30h ( 32048) load[0m
[0;32mI (212) boot: Loaded app from partition at offset 0x10000[0m
[0;32mI (212) boot: Disabling RNG early entropy source...[0m
[0;32mI (223) cpu_start: Multicore app[0m
[0;32mI (224) cpu_start: Pro cpu up.[0m
[0;32mI (224) cpu_start: Starting app cpu, entry point is 0x4008110c[0m
[0;32mI (0) cpu_start: App cpu up.[0m
[0;32mI (242) cpu_start: Pro cpu start user code[0m
[0;32mI (242) cpu_start: cpu freq: 160000000 Hz[0m
[0;32mI (242) cpu_start: Application information:[0m
[0;32mI (246) cpu_start: Project name:     servo_sweep[0m
[0;32mI (252) cpu_start: App version:      f8c141c-dirty[0m
[0;32mI (257) cpu_start: Compile time:     Feb 15 2025 21:20:32[0m
[0;32mI (263) cpu_start: ELF file SHA256:  7285cbceae81be14...[0m
[0;32mI (269) cpu_start: ESP-IDF:          v5.1.5-634-g39fe10677c[0m
[0;32mI (275) cpu_start: Min chip rev:     v0.0[0m
[0;32mI (280) cpu_start: Max chip rev:     v3.99 [0m
[0;32mI (285) cpu_start: Chip rev:         v3.1[0m
[0;32mI (290) heap_init: Initializing. RAM available for dynamic allocation:[0m
[0;32mI (297) heap_init: At 3FFAE6E0 len 00001920 (6 KiB): DRAM[0m
[0;32mI (303) heap_init: At 3FFB2A98 len 0002D568 (181 KiB): DRAM[0m
[0;32mI (309) heap_init: At 3FFE0440 len 00003AE0 (14 KiB): D/IRAM[0m
[0;32mI (316) heap_init: At 3FFE4350 len 0001BCB0 (111 KiB): D/IRAM[0m
[0;32mI (322) heap_init: At 4008BF84 len 0001407C (80 KiB): IRAM[0m
[0;32mI (330) spi_flash: detected chip: generic[0m
[0;32mI (333) spi_flash: flash io: dio[0m
[0;33mW (337) spi_flash: Detected size(4096k) larger than the size in the binary image header(2048k). Using the size in the binary image header.[0m
[0;33mW (350) mcpwm(legacy): legacy driver is deprecated, please migrate to `driver/mcpwm_prelude.h`[0m
[0;32mI (360) app_start: Starting scheduler on CPU0[0m
[0;32mI (364) app_start: Starting scheduler on CPU1[0m
[0;32mI (364) main_task: Started on CPU0[0m
[0;32mI (374) main_task: Calling app_main()[0m
[0;32mI (374) main_task: Returned from app_main()[0m
[0;32mI (374) servo: enabled servos[0m
[0;32mI (384) servo: set servo at pin 18: 0d[0m
[0;32mI (3384) servo: set servo at pin 18: 17d[0m
