ets Jul 29 2019 12:21:46

rst:0x1 (POWERON_RESET),boot:0x17 (SPI_FAST_FLASH_BOOT)
configsip: 0, SPIWP:0xee
clk_drv:0x00,q_drv:0x00,d_drv:0x00,cs0_drv:0x00,hd_drv:0x00,wp_drv:0x00
mode:DIO, clock div:2
load:0x3fff0030,len:7172
load:0x40078000,len:15596
load:0x40080400,len:4
load:0x40080404,len:3904
entry 0x40080640
[0;32mI (29) boot: ESP-IDF v5.2.3-942-gb0f63c505b 2nd stage bootloader[0m
[0;32mI (29) boot: compile time Feb 15 2025 22:40:31[0m
[0;32mI (31) boot: Multicore bootloader[0m
[0;32mI (35) boot: chip revision: v3.1[0m
[0;32mI (39) boot.esp32: SPI Speed      : 40MHz[0m
[0;32mI (43) boot.esp32: SPI Mode       : DIO[0m
[0;32mI (48) boot.esp32: SPI Flash Size : 2MB[0m
[0;32mI (52) boot: Enabling RNG early entropy source...[0m
[0;32mI (58) boot: Partition Table:[0m
[0;32mI (61) boot: ## Label            Usage          Type ST Offset   Length[0m
[0;32mI (69) boot:  0 nvs              WiFi data        01 02 00009000 00006000[0m
[0;32mI (76) boot:  1 phy_init         RF data          01 01 0000f000 00001000[0m
[0;32mI (84) boot:  2 factory          factory app      00 00 00010000 00100000[0m
[0;32mI (91) boot: End of partition table[0m
[0;32mI (95) esp_image: segment 0: paddr=00010020 vaddr=3f400020 size=09e00h ( 40448) map[0m
[0;32mI (118) esp_image: segment 1: paddr=00019e28 vaddr=3ffb0000 size=02314h (  8980) load[0m
[0;32mI (121) esp_image: segment 2: paddr=0001c144 vaddr=40080000 size=03ed4h ( 16084) load[0m
[0;32mI (130) esp_image: segment 3: paddr=00020020 vaddr=400d0020 size=14ed8h ( 85720) map[0m
[0;32mI (161) esp_image: segment 4: paddr=00034f00 vaddr=40083ed4 size=08774h ( 34676) load[0m
[0;32mI (181) boot: Loaded app from partition at offset 0x10000[0m
[0;32mI (182) boot: Disabling RNG early entropy source...[0m
[0;32mI (193) cpu_start: Multicore app[0m
[0;32mI (202) cpu_start: Pro cpu start user code[0m
[0;32mI (202) cpu_start: cpu freq: 160000000 Hz[0m
[0;32mI (202) cpu_start: Application information:[0m
[0;32mI (205) cpu_start: Project name:     servo_sweep[0m
[0;32mI (211) cpu_start: App version:      8a45374-dirty[0m
[0;32mI (216) cpu_start: Compile time:     Feb 15 2025 22:40:21[0m
[0;32mI (222) cpu_start: ELF file SHA256:  ae49b64da54d2876...[0m
[0;32mI (228) cpu_start: ESP-IDF:          v5.2.3-942-gb0f63c505b[0m
[0;32mI (234) cpu_start: Min chip rev:     v0.0[0m
[0;32mI (239) cpu_start: Max chip rev:     v3.99 [0m
[0;32mI (244) cpu_start: Chip rev:         v3.1[0m
[0;32mI (249) heap_init: Initializing. RAM available for dynamic allocation:[0m
[0;32mI (256) heap_init: At 3FFAE6E0 len 00001920 (6 KiB): DRAM[0m
[0;32mI (262) heap_init: At 3FFB2C00 len 0002D400 (181 KiB): DRAM[0m
[0;32mI (268) heap_init: At 3FFE0440 len 00003AE0 (14 KiB): D/IRAM[0m
[0;32mI (274) heap_init: At 3FFE4350 len 0001BCB0 (111 KiB): D/IRAM[0m
[0;32mI (281) heap_init: At 4008C648 len 000139B8 (78 KiB): IRAM[0m
[0;32mI (289) spi_flash: detected chip: generic[0m
[0;32mI (292) spi_flash: flash io: dio[0m
[0;33mW (296) spi_flash: Detected size(4096k) larger than the size in the binary image header(2048k). Using the size in the binary image header.[0m
[0;33mW (309) mcpwm(legacy): legacy driver is deprecated, please migrate to `driver/mcpwm_prelude.h`[0m
[0;32mI (319) main_task: Started on CPU0[0m
[0;32mI (329) main_task: Calling app_main()[0m
[0;32mI (329) main_task: Returned from app_main()[0m
[0;32mI (329) servo: enabled servos[0m
[0;32mI (329) servo: set servo at pin 18: 0d[0m
[0;32mI (2339) servo: set servo at pin 18: 13d[0m
ï¿½ets Jul 29 2019 12:21:46

rst:0x3 (SW_RESET),boot:0x17 (SPI_FAST_FLASH_BOOT)
configsip: 0, SPIWP:0xee
clk_drv:0x00,q_drv:0x00,d_drv:0x00,cs0_drv:0x00,hd_drv:0x00,wp_drv:0x00
mode:DIO, clock div:2
load:0x3fff0030,len:7172
load:0x40078000,len:15596
load:0x40080400,len:4
load:0x40080404,len:3904
entry 0x40080640
[0;32mI (57) boot: ESP-IDF v5.2.3-942-gb0f63c505b 2nd stage bootloader[0m
[0;32mI (57) boot: compile time Feb 15 2025 22:40:31[0m
[0;32mI (59) boot: Multicore bootloader[0m
[0;32mI (63) boot: chip revision: v3.1[0m
[0;32mI (67) boot.esp32: SPI Speed      : 40MHz[0m
[0;32mI (71) boot.esp32: SPI Mode       : DIO[0m
[0;32mI (76) boot.esp32: SPI Flash Size : 2MB[0m
[0;32mI (80) boot: Enabling RNG early entropy source...[0m
[0;32mI (86) boot: Partition Table:[0m
[0;32mI (89) boot: ## Label            Usage          Type ST Offset   Length[0m
[0;32mI (97) boot:  0 nvs              WiFi data        01 02 00009000 00006000[0m
[0;32mI (104) boot:  1 phy_init         RF data          01 01 0000f000 00001000[0m
[0;32mI (112) boot:  2 factory          factory app      00 00 00010000 00100000[0m
[0;32mI (119) boot: End of partition table[0m
[0;32mI (124) esp_image: segment 0: paddr=00010020 vaddr=3f400020 size=09e00h ( 40448) map[0m
[0;32mI (146) esp_image: segment 1: paddr=00019e28 vaddr=3ffb0000 size=02314h (  8980) load[0m
[0;32mI (150) esp_image: segment 2: paddr=0001c144 vaddr=40080000 size=03ed4h ( 16084) load[0m
[0;32mI (158) esp_image: segment 3: paddr=00020020 vaddr=400d0020 size=14ed8h ( 85720) map[0m
[0;32mI (190) esp_image: segment 4: paddr=00034f00 vaddr=40083ed4 size=08774h ( 34676) load[0m
[0;32mI (210) boot: Loaded app from partition at offset 0x10000[0m
[0;32mI (210) boot: Disabling RNG early entropy source...[0m
[0;32mI (221) cpu_start: Multicore app[0m
[0;32mI (230) cpu_start: Pro cpu start user code[0m
[0;32mI (231) cpu_start: cpu freq: 160000000 Hz[0m
[0;32mI (231) cpu_start: Application information:[0m
[0;32mI (234) cpu_start: Project name:     servo_sweep[0m
[0;32mI (239) cpu_start: App version:      8a45374-dirty[0m
[0;32mI (244) cpu_start: Compile time:     Feb 15 2025 22:40:21[0m
[0;32mI (250) cpu_start: ELF file SHA256:  ae49b64da54d2876...[0m
[0;32mI (256) cpu_start: ESP-IDF:          v5.2.3-942-gb0f63c505b[0m
[0;32mI (263) cpu_start: Min chip rev:     v0.0[0m
[0;32mI (267) cpu_start: Max chip rev:     v3.99 [0m
[0;32mI (272) cpu_start: Chip rev:         v3.1[0m
[0;32mI (277) heap_init: Initializing. RAM available for dynamic allocation:[0m
[0;32mI (284) heap_init: At 3FFAE6E0 len 00001920 (6 KiB): DRAM[0m
[0;32mI (290) heap_init: At 3FFB2C00 len 0002D400 (181 KiB): DRAM[0m
[0;32mI (296) heap_init: At 3FFE0440 len 00003AE0 (14 KiB): D/IRAM[0m
[0;32mI (303) heap_init: At 3FFE4350 len 0001BCB0 (111 KiB): D/IRAM[0m
[0;32mI (309) heap_init: At 4008C648 len 000139B8 (78 KiB): IRAM[0m
[0;32mI (317) spi_flash: detected chip: generic[0m
[0;32mI (320) spi_flash: flash io: dio[0m
[0;33mW (324) spi_flash: Detected size(4096k) larger than the size in the binary image header(2048k). Using the size in the binary image header.[0m
[0;33mW (337) mcpwm(legacy): legacy driver is deprecated, please migrate to `driver/mcpwm_prelude.h`[0m
[0;32mI (347) main_task: Started on CPU0[0m
[0;32mI (357) main_task: Calling app_main()[0m
[0;32mI (357) main_task: Returned from app_main()[0m
[0;32mI (357) servo: enabled servos[0m
[0;32mI (357) servo: set servo at pin 18: 0d[0m
[0;32mI (2367) servo: set servo at pin 18: 13d[0m
ï¿½ets Jul 29 2019 12:21:46

rst:0x3 (SW_RESET),boot:0x17 (SPI_FAST_FLASH_BOOT)
configsip: 0, SPIWP:0xee
clk_drv:0x00,q_drv:0x00,d_drv:0x00,cs0_drv:0x00,hd_drv:0x00,wp_drv:0x00
mode:DIO, clock div:2
load:0x3fff0030,len:7172
load:0x40078000,len:15596
load:0x40080400,len:4
load:0x40080404,len:3904
entry 0x40080640
[0;32mI (56) boot: ESP-IDF v5.2.3-942-gb0f63c505b 2nd stage bootloader[0m
[0;32mI (57) boot: compile time Feb 15 2025 22:40:31[0m
[0;32mI (59) boot: Multicore bootloader[0m
[0;32mI (63) boot: chip revision: v3.1[0m
[0;32mI (67) boot.esp32: SPI Speed      : 40MHz[0m
[0;32mI (71) boot.esp32: SPI Mode       : DIO[0m
[0;32mI (76) boot.esp32: SPI Flash Size : 2MB[0m
[0;32mI (80) boot: Enabling RNG early entropy source...[0m
[0;32mI (86) boot: Partition Table:[0m
[0;32mI (89) boot: ## Label            Usage          Type ST Offset   Length[0m
[0;32mI (97) boot:  0 nvs              WiFi data        01 02 00009000 00006000[0m
[0;32mI (104) boot:  1 phy_init         RF data          01 01 0000f000 00001000[0m
[0;32mI (112) boot:  2 factory          factory app      00 00 00010000 00100000[0m
[0;32mI (119) boot: End of partition table[0m
[0;32mI (124) esp_image: segment 0: paddr=00010020 vaddr=3f400020 size=09e00h ( 40448) map[0m
[0;32mI (146) esp_image: segment 1: paddr=00019e28 vaddr=3ffb0000 size=02314h (  8980) load[0m
[0;32mI (150) esp_image: segment 2: paddr=0001c144 vaddr=40080000 size=03ed4h ( 16084) load[0m
[0;32mI (158) esp_image: segment 3: paddr=00020020 vaddr=400d0020 size=14ed8h ( 85720) map[0m
[0;32mI (190) esp_image: segment 4: paddr=00034f00 vaddr=40083ed4 size=08774h ( 34676) load[0m
[0;32mI (210) boot: Loaded app from partition at offset 0x10000[0m
[0;32mI (210) boot: Disabling RNG early entropy source...[0m
[0;32mI (221) cpu_start: Multicore app[0m
[0;32mI (230) cpu_start: Pro cpu start user code[0m
[0;32mI (231) cpu_start: cpu freq: 160000000 Hz[0m
[0;32mI (231) cpu_start: Application information:[0m
[0;32mI (234) cpu_start: Project name:     servo_sweep[0m
[0;32mI (239) cpu_start: App version:      8a45374-dirty[0m
[0;32mI (244) cpu_start: Compile time:     Feb 15 2025 22:40:21[0m
[0;32mI (250) cpu_start: ELF file SHA256:  ae49b64da54d2876...[0m
[0;32mI (256) cpu_start: ESP-IDF:          v5.2.3-942-gb0f63c505b[0m
[0;32mI (263) cpu_start: Min chip rev:     v0.0[0m
[0;32mI (267) cpu_start: Max chip rev:     v3.99 [0m
[0;32mI (272) cpu_start: Chip rev:         v3.1[0m
[0;32mI (277) heap_init: Initializing. RAM available for dynamic allocation:[0m
[0;32mI (284) heap_init: At 3FFAE6E0 len 00001920 (6 KiB): DRAM[0m
[0;32mI (290) heap_init: At 3FFB2C00 len 0002D400 (181 KiB): DRAM[0m
[0;32mI (296) heap_init: At 3FFE0440 len 00003AE0 (14 KiB): D/IRAM[0m
[0;32mI (303) heap_init: At 3FFE4350 len 0001BCB0 (111 KiB): D/IRAM[0m
[0;32mI (309) heap_init: At 4008C648 len 000139B8 (78 KiB): IRAM[0m
[0;32mI (317) spi_flash: detected chip: generic[0m
[0;32mI (320) spi_flash: flash io: dio[0m
[0;33mW (324) spi_flash: Detected size(4096k) larger than the size in the binary image header(2048k). Using the size in the binary image header.[0m
[0;33mW (337) mcpwm(legacy): legacy driver is deprecated, please migrate to `driver/mcpwm_prelude.h`[0m
[0;32mI (347) main_task: Started on CPU0[0m
[0;32mI (357) main_task: Calling app_main()[0m
[0;32mI (357) main_task: Returned from app_main()[0m
[0;32mI (357) servo: enabled servos[0m
[0;32mI (357) servo: set servo at pin 18: 0d[0m
[0;32mI (2367) servo: set servo at pin 18: 13d[0m
ï¿½ets Jul 29 2019 12:21:46

rst:0x3 (SW_RESET),boot:0x17 (SPI_FAST_FLASH_BOOT)
configsip: 0, SPIWP:0xee
clk_drv:0x00,q_drv:0x00,d_drv:0x00,cs0_drv:0x00,hd_drv:0x00,wp_drv:0x00
mode:DIO, clock div:2
load:0x3fff0030,len:7172
load:0x40078000,len:15596
load:0x40080400,len:4
load:0x40080404,len:3904
entry 0x40080640
[0;32mI (56) boot: ESP-IDF v5.2.3-942-gb0f63c505b 2nd stage bootloader[0m
[0;32mI (57) boot: compile time Feb 15 2025 22:40:31[0m
[0;32mI (59) boot: Multicore bootloader[0m
[0;32mI (63) boot: chip revision: v3.1[0m
[0;32mI (67) boot.esp32: SPI Speed      : 40MHz[0m
[0;32mI (71) boot.esp32: SPI Mode       : DIO[0m
[0;32mI (76) boot.esp32: SPI Flash Size : 2MB[0m
[0;32mI (80) boot: Enabling RNG early entropy source...[0m
[0;32mI (86) boot: Partition Table:[0m
[0;32mI (89) boot: ## Label            Usage          Type ST Offset   Length[0m
[0;32mI (97) boot:  0 nvs              WiFi data        01 02 00009000 00006000[0m
[0;32mI (104) boot:  1 phy_init         RF data          01 01 0000f000 00001000[0m
[0;32mI (112) boot:  2 factory          factory app      00 00 00010000 00100000[0m
[0;32mI (119) boot: End of partition table[0m
[0;32mI (124) esp_image: segment 0: paddr=00010020 vaddr=3f400020 size=09e00h ( 40448) map[0m
[0;32mI (146) esp_image: segment 1: paddr=00019e28 vaddr=3ffb0000 size=02314h (  8980) load[0m
[0;32mI (150) esp_image: segment 2: paddr=0001c144 vaddr=40080000 size=03ed4h ( 16084) load[0m
[0;32mI (158) esp_image: segment 3: paddr=00020020 vaddr=400d0020 size=14ed8h ( 85720) map[0m
[0;32mI (190) esp_image: segment 4: paddr=00034f00 vaddr=40083ed4 size=08774h ( 34676) load[0m
[0;32mI (210) boot: Loaded app from partition at offset 0x10000[0m
[0;32mI (210) boot: Disabling RNG early entropy source...[0m
[0;32mI (221) cpu_start: Multicore app[0m
[0;32mI (230) cpu_start: Pro cpu start user code[0m
[0;32mI (231) cpu_start: cpu freq: 160000000 Hz[0m
[0;32mI (231) cpu_start: Application information:[0m
[0;32mI (234) cpu_start: Project name:     servo_sweep[0m
[0;32mI (239) cpu_start: App version:      8a45374-dirty[0m
[0;32mI (244) cpu_start: Compile time:     Feb 15 2025 22:40:21[0m
[0;32mI (250) cpu_start: ELF file SHA256:  ae49b64da54d2876...[0m
[0;32mI (256) cpu_start: ESP-IDF:          v5.2.3-942-gb0f63c505b[0m
[0;32mI (263) cpu_start: Min chip rev:     v0.0[0m
[0;32mI (267) cpu_start: Max chip rev:     v3.99 [0m
[0;32mI (272) cpu_start: Chip rev:         v3.1[0m
[0;32mI (277) heap_init: Initializing. RAM available for dynamic allocation:[0m
[0;32mI (284) heap_init: At 3FFAE6E0 len 00001920 (6 KiB): DRAM[0m
[0;32mI (290) heap_init: At 3FFB2C00 len 0002D400 (181 KiB): DRAM[0m
[0;32mI (296) heap_init: At 3FFE0440 len 00003AE0 (14 KiB): D/IRAM[0m
[0;32mI (303) heap_init: At 3FFE4350 len 0001BCB0 (111 KiB): D/IRAM[0m
[0;32mI (309) heap_init: At 4008C648 len 000139B8 (78 KiB): IRAM[0m
[0;32mI (317) spi_flash: detected chip: generic[0m
[0;32mI (320) spi_flash: flash io: dio[0m
[0;33mW (324) spi_flash: Detected size(4096k) larger than the size in the binary image header(2048k). Using the size in the binary image header.[0m
[0;33mW (337) mcpwm(legacy): legacy driver is deprecated, please migrate to `driver/mcpwm_prelude.h`[0m
[0;32mI (347) main_task: Started on CPU0[0m
[0;32mI (357) main_task: Calling app_main()[0m
[0;32mI (357) main_task: Returned from app_main()[0m
[0;32mI (357) servo: enabled servos[0m
[0;32mI (357) servo: set servo at pin 18: 0d[0m
[0;32mI (2367) servo: set servo at pin 18: 13d[0m
ï¿½ets Jul 29 2019 12:21:46

rst:0x3 (SW_RESET),boot:0x17 (SPI_FAST_FLASH_BOOT)
configsip: 0, SPIWP:0xee
clk_drv:0x00,q_drv:0x00,d_drv:0x00,cs0_drv:0x00,hd_drv:0x00,wp_drv:0x00
mode:DIO, clock div:2
load:0x3fff0030,len:7172
load:0x40078000,len:15596
load:0x40080400,len:4
load:0x40080404,len:3904
entry 0x40080640
[0;32mI (56) boot: ESP-IDF v5.2.3-942-gb0f63c505b 2nd stage bootloader[0m
[0;32mI (57) boot: compile time Feb 15 2025 22:40:31[0m
[0;32mI (59) boot: Multicore bootloader[0m
[0;32mI (63) boot: chip revision: v3.1[0m
[0;32mI (67) boot.esp32: SPI Speed      : 40MHz[0m
[0;32mI (71) boot.esp32: SPI Mode       : DIO[0m
[0;32mI (76) boot.esp32: SPI Flash Size : 2MB[0m
[0;32mI (80) boot: Enabling RNG early entropy source...[0m
[0;32mI (86) boot: Partition Table:[0m
[0;32mI (89) boot: ## Label            Usage          Type ST Offset   Length[0m
[0;32mI (97) boot:  0 nvs              WiFi data        01 02 00009000 00006000[0m
[0;32mI (104) boot:  1 phy_init         RF data          01 01 0000f000 00001000[0m
[0;32mI (112) boot:  2 factory          factory app      00 00 00010000 00100000[0m
[0;32mI (119) boot: End of partition table[0m
[0;32mI (124) esp_image: segment 0: paddr=00010020 vaddr=3f400020 size=09e00h ( 40448) map[0m
[0;32mI (146) esp_image: segment 1: paddr=00019e28 vaddr=3ffb0000 size=02314h (  8980) load[0m
[0;32mI (150) esp_image: segment 2: paddr=0001c144 vaddr=40080000 size=03ed4h ( 16084) load[0m
[0;32mI (158) esp_image: segment 3: paddr=00020020 vaddr=400d0020 size=14ed8h ( 85720) map[0m
[0;32mI (190) esp_image: segment 4: paddr=00034f00 vaddr=40083ed4 size=08774h ( 34676) load[0m
[0;32mI (210) boot: Loaded app from partition at offset 0x10000[0m
[0;32mI (210) boot: Disabling RNG early entropy source...[0m
[0;32mI (221) cpu_start: Multicore app[0m
[0;32mI (230) cpu_start: Pro cpu start user code[0m
[0;32mI (231) cpu_start: cpu freq: 160000000 Hz[0m
[0;32mI (231) cpu_start: Application information:[0m
[0;32mI (234) cpu_start: Project name:     servo_sweep[0m
[0;32mI (239) cpu_start: App version:      8a45374-dirty[0m
[0;32mI (244) cpu_start: Compile time:     Feb 15 2025 22:40:21[0m
[0;32mI (250) cpu_start: ELF file SHA256:  ae49b64da54d2876...[0m
[0;32mI (256) cpu_start: ESP-IDF:          v5.2.3-942-gb0f63c505b[0m
[0;32mI (263) cpu_start: Min chip rev:     v0.0[0m
[0;32mI (267) cpu_start: Max chip rev:     v3.99 [0m
[0;32mI (272) cpu_start: Chip rev:         v3.1[0m
[0;32mI (277) heap_init: Initializing. RAM available for dynamic allocation:[0m
[0;32mI (284) heap_init: At 3FFAE6E0 len 00001920 (6 KiB): DRAM[0m
[0;32mI (290) heap_init: At 3FFB2C00 len 0002D400 (181 KiB): DRAM[0m
[0;32mI (296) heap_init: At 3FFE0440 len 00003AE0 (14 KiB): D/IRAM[0m
[0;32mI (303) heap_init: At 3FFE4350 len 0001BCB0 (111 KiB): D/IRAM[0m
[0;32mI (309) heap_init: At 4008C648 len 000139B8 (78 KiB): IRAM[0m
[0;32mI (317) spi_flash: detected chip: generic[0m
[0;32mI (320) spi_flash: flash io: dio[0m
[0;33mW (324) spi_flash: Detected size(4096k) larger than the size in the binary image header(2048k). Using the size in the binary image header.[0m
[0;33mW (337) mcpwm(legacy): legacy driver is deprecated, please migrate to `driver/mcpwm_prelude.h`[0m
[0;32mI (347) main_task: Started on CPU0[0m
[0;32mI (357) main_task: Calling app_main()[0m
[0;32mI (357) main_task: Returned from app_main()[0m
[0;32mI (357) servo: enabled servos[0m
[0;32mI (357) servo: set servo at pin 18: 0d[0m
[0;32mI (2367) servo: set servo at pin 18: 13d[0m
ï¿½ets Jul 29 2019 12:21:46

rst:0x3 (SW_RESET),boot:0x17 (SPI_FAST_FLASH_BOOT)
configsip: 0, SPIWP:0xee
clk_drv:0x00,q_drv:0x00,d_drv:0x00,cs0_drv:0x00,hd_drv:0x00,wp_drv:0x00
mode:DIO, clock div:2
load:0x3fff0030,len:7172
load:0x40078000,len:15596
load:0x40080400,len:4
load:0x40080404,len:3904
entry 0x40080640
[0;32mI (57) boot: ESP-IDF v5.2.3-942-gb0f63c505b 2nd stage bootloader[0m
[0;32mI (57) boot: compile time Feb 15 2025 22:40:31[0m
[0;32mI (59) boot: Multicore bootloader[0m
[0;32mI (63) boot: chip revision: v3.1[0m
[0;32mI (67) boot.esp32: SPI Speed      : 40MHz[0m
[0;32mI (71) boot.esp32: SPI Mode       : DIO[0m
[0;32mI (76) boot.esp32: SPI Flash Size : 2MB[0m
[0;32mI (80) boot: Enabling RNG early entropy source...[0m
[0;32mI (86) boot: Partition Table:[0m
[0;32mI (89) boot: ## Label            Usage          Type ST Offset   Length[0m
[0;32mI (97) boot:  0 nvs              WiFi data        01 02 00009000 00006000[0m
[0;32mI (104) boot:  1 phy_init         RF data          01 01 0000f000 00001000[0m
[0;32mI (112) boot:  2 factory          factory app      00 00 00010000 00100000[0m
[0;32mI (119) boot: End of partition table[0m
[0;32mI (124) esp_image: segment 0: paddr=00010020 vaddr=3f400020 size=09e00h ( 40448) map[0m
[0;32mI (146) esp_image: segment 1: paddr=00019e28 vaddr=3ffb0000 size=02314h (  8980) load[0m
[0;32mI (150) esp_image: segment 2: paddr=0001c144 vaddr=40080000 size=03ed4h ( 16084) load[0m
[0;32mI (158) esp_image: segment 3: paddr=00020020 vaddr=400d0020 size=14ed8h ( 85720) map[0m
[0;32mI (190) esp_image: segment 4: paddr=00034f00 vaddr=40083ed4 size=08774h ( 34676) load[0m
[0;32mI (210) boot: Loaded app from partition at offset 0x10000[0m
[0;32mI (210) boot: Disabling RNG early entropy source...[0m
[0;32mI (221) cpu_start: Multicore app[0m
[0;32mI (230) cpu_start: Pro cpu start user code[0m
[0;32mI (231) cpu_start: cpu freq: 160000000 Hz[0m
[0;32mI (231) cpu_start: Application information:[0m
[0;32mI (234) cpu_start: Project name:     servo_sweep[0m
[0;32mI (239) cpu_start: App version:      8a45374-dirty[0m
[0;32mI (244) cpu_start: Compile time:     Feb 15 2025 22:40:21[0m
[0;32mI (250) cpu_start: ELF file SHA256:  ae49b64da54d2876...[0m
[0;32mI (256) cpu_start: ESP-IDF:          v5.2.3-942-gb0f63c505b[0m
[0;32mI (263) cpu_start: Min chip rev:     v0.0[0m
[0;32mI (267) cpu_start: Max chip rev:     v3.99 [0m
[0;32mI (272) cpu_start: Chip rev:         v3.1[0m
[0;32mI (277) heap_init: Initializing. RAM available for dynamic allocation:[0m
[0;32mI (284) heap_init: At 3FFAE6E0 len 00001920 (6 KiB): DRAM[0m
[0;32mI (290) heap_init: At 3FFB2C00 len 0002D400 (181 KiB): DRAM[0m
[0;32mI (296) heap_init: At 3FFE0440 len 00003AE0 (14 KiB): D/IRAM[0m
[0;32mI (303) heap_init: At 3FFE4350 len 0001BCB0 (111 KiB): D/IRAM[0m
[0;32mI (309) heap_init: At 4008C648 len 000139B8 (78 KiB): IRAM[0m
[0;32mI (317) spi_flash: detected chip: generic[0m
[0;32mI (320) spi_flash: flash io: dio[0m
[0;33mW (324) spi_flash: Detected size(4096k) larger than the size in the binary image header(2048k). Using the size in the binary image header.[0m
[0;33mW (337) mcpwm(legacy): legacy driver is deprecated, please migrate to `driver/mcpwm_prelude.h`[0m
[0;32mI (347) main_task: Started on CPU0[0m
[0;32mI (357) main_task: Calling app_main()[0m
[0;32mI (357) main_task: Returned from app_main()[0m
[0;32mI (357) servo: enabled servos[0m
[0;32mI (357) servo: set servo at pin 18: 0d[0m
[0;32mI (2367) servo: set servo at pin 18: 13d[0m
ï¿½ets Jul 29 2019 12:21:46

rst:0x3 (SW_RESET),boot:0x17 (SPI_FAST_FLASH_BOOT)
configsip: 0, SPIWP:0xee
clk_drv:0x00,q_drv:0x00,d_drv:0x00,cs0_drv:0x00,hd_drv:0x00,wp_drv:0x00
mode:DIO, clock div:2
load:0x3fff0030,len:7172
load:0x40078000,len:15596
load:0x40080400,len:4
load:0x40080404,len:3904
entry 0x40080640
[0;32mI (56) boot: ESP-IDF v5.2.3-942-gb0f63c505b 2nd stage bootloader[0m
[0;32mI (57) boot: compile time Feb 15 2025 22:40:31[0m
[0;32mI (59) boot: Multicore bootloader[0m
[0;32mI (63) boot: chip revision: v3.1[0m
[0;32mI (67) boot.esp32: SPI Speed      : 40MHz[0m
[0;32mI (71) boot.esp32: SPI Mode       : DIO[0m
[0;32mI (76) boot.esp32: SPI Flash Size : 2MB[0m
[0;32mI (80) boot: Enabling RNG early entropy source...[0m
[0;32mI (86) boot: Partition Table:[0m
[0;32mI (89) boot: ## Label            Usage          Type ST Offset   Length[0m
[0;32mI (97) boot:  0 nvs              WiFi data        01 02 00009000 00006000[0m
[0;32mI (104) boot:  1 phy_init         RF data          01 01 0000f000 00001000[0m
[0;32mI (112) boot:  2 factory          factory app      00 00 00010000 00100000[0m
[0;32mI (119) boot: End of partition table[0m
[0;32mI (124) esp_image: segment 0: paddr=00010020 vaddr=3f400020 size=09e00h ( 40448) map[0m
[0;32mI (146) esp_image: segment 1: paddr=00019e28 vaddr=3ffb0000 size=02314h (  8980) load[0m
[0;32mI (150) esp_image: segment 2: paddr=0001c144 vaddr=40080000 size=03ed4h ( 16084) load[0m
[0;32mI (158) esp_image: segment 3: paddr=00020020 vaddr=400d0020 size=14ed8h ( 85720) map[0m
[0;32mI (190) esp_image: segment 4: paddr=00034f00 vaddr=40083ed4 size=08774h ( 34676) load[0m
